// Vitest Snapshot v1, https://vitest.dev/guide/snapshot.html

exports[`init server > query MovieDetails > when a movie matches 1`] = `
{
  "adult": false,
  "backdrop_path": "/8rpDcsfLJypbO6vREc0547VKqEv.jpg",
  "budget": 460000000,
  "genre_ids": null,
  "genres": [
    {
      "id": 878,
      "name": "Science Fiction",
    },
    {
      "id": 12,
      "name": "Adventure",
    },
    {
      "id": 28,
      "name": "Action",
    },
  ],
  "homepage": "https://www.avatar.com/movies/avatar-the-way-of-water",
  "id": 76600,
  "imdb_id": "tt1630029",
  "original_language": "en",
  "original_title": "Avatar: The Way of Water",
  "overview": "Set more than a decade after the events of the first film, learn the story of the Sully family (Jake, Neytiri, and their kids), the trouble that follows them, the lengths they go to keep each other safe, the battles they fight to stay alive, and the tragedies they endure.",
  "popularity": 2857.869,
  "poster_path": "/t6HIqrRAclMCA60NsSmeqe9RmNV.jpg",
  "production_companies": [
    {
      "id": 127928,
      "logo_path": "/h0rjX5vjW5r8yEnUBStFarjcLT4.png",
      "name": "20th Century Studios",
      "origin_country": "US",
    },
    {
      "id": 574,
      "logo_path": "/iB6GjNVHs5hOqcEYt2rcjBqIjki.png",
      "name": "Lightstorm Entertainment",
      "origin_country": "US",
    },
  ],
  "production_countries": [
    {
      "iso_3166_1": "US",
      "name": "United States of America",
    },
  ],
  "release_date": "2022-12-14",
  "runtime": 192,
  "spoken_languages": [
    {
      "iso_639_1": "en",
      "name": "English",
    },
  ],
  "status": "Released",
  "tagline": "Return to Pandora.",
  "title": "Avatar: The Way of Water",
  "video": false,
  "vote_average": 7.707,
  "vote_count": 7832,
}
`;
